node : ERROR: 
GoogleGenerativeAIFetchError: 
[GoogleGenerativeAI Error]: Error 
fetching from https://generativela
nguage.googleapis.com/v1beta/model
s/gemini-2.5-flash:generateContent
: [429 Too Many Requests] You 
exceeded your current quota, 
please check your plan and 
billing details. For more 
information on this error, head 
to: https://ai.google.dev/gemini-a
pi/docs/rate-limits. To monitor 
your current usage, head to: 
https://ai.dev/rate-limit. 
At line:1 char:1
+ node test_gemini.js > 
test_output.txt 2>&1
+ ~~~~~~~~~~~~~~~~~~~~~~~~~~~~~~~~
~~~~~~~~~~
    + CategoryInfo          : Not 
   Specified: (ERROR: GoogleGe..  
  .ev/rate-limit. :String) [],    
 RemoteException
    + FullyQualifiedErrorId : Nat 
   iveCommandError
 
* Quota exceeded for metric: gener
ativelanguage.googleapis.com/gener
ate_content_free_tier_requests, 
limit: 20, model: gemini-2.5-flash
Please retry in 21.954446413s. [{"
@type":"type.googleapis.com/google
.rpc.Help","links":[{"description"
:"Learn more about Gemini API quot
as","url":"https://ai.google.dev/g
emini-api/docs/rate-limits"}]},{"@
type":"type.googleapis.com/google.
rpc.QuotaFailure","violations":[{"
quotaMetric":"generativelanguage.g
oogleapis.com/generate_content_fre
e_tier_requests","quotaId":"Genera
teRequestsPerDayPerProjectPerModel
-FreeTier","quotaDimensions":{"loc
ation":"global","model":"gemini-2.
5-flash"},"quotaValue":"20"}]},{"@
type":"type.googleapis.com/google.
rpc.RetryInfo","retryDelay":"21s"}
]
    at handleResponseNotOk (file:/
//C:/Users/iMAGINE/OneDrive/Deskto
p/imp/ai-faang%20prep%20platform/s
erver/node_modules/@google/generat
ive-ai/dist/index.mjs:432:11)
    at 
process.processTicksAndRejections 
(node:internal/process/task_queues
:103:5)
    at async makeRequest (file:///
C:/Users/iMAGINE/OneDrive/Desktop/
imp/ai-faang%20prep%20platform/ser
ver/node_modules/@google/generativ
e-ai/dist/index.mjs:401:9)
    at async generateContent (file
:///C:/Users/iMAGINE/OneDrive/Desk
top/imp/ai-faang%20prep%20platform
/server/node_modules/@google/gener
ative-ai/dist/index.mjs:865:22)
    at async test (file:///C:/User
s/iMAGINE/OneDrive/Desktop/imp/ai-
faang%20prep%20platform/server/tes
t_gemini.js:11:20) {
  status: 429,
  statusText: 'Too Many Requests',
  errorDetails: [
    { '@type': 'type.googleapis.co
m/google.rpc.Help', links: 
[Array] },
    {
      '@type': 'type.googleapis.co
m/google.rpc.QuotaFailure',
      violations: [Array]
    },
    {
      '@type': 'type.googleapis.co
m/google.rpc.RetryInfo',
      retryDelay: '21s'
    }
  ]
}
